Job ID: 2033888
Node:   cpn3203
Start:  Sat Sep  5 01:03:25 CST 2026
                   :-) GROMACS - gmx, 2024.4-conda_forge (-:
▶ Starting production MD (1 ns = 500000 steps, CPU 56 threads)...
Setting the LD random seed to -322183426

Generated 2145 of the 2145 non-bonded parameter combinations

Generated 2145 of the 2145 1-4 parameter combinations

Excluding 3 bonded neighbours molecule type 'DNA_chain_A'

turning H bonds into constraints...

Excluding 2 bonded neighbours molecule type 'SOL'

turning H bonds into constraints...

Excluding 1 bonded neighbours molecule type 'NA'

turning H bonds into constraints...

Excluding 1 bonded neighbours molecule type 'CL'

turning H bonds into constraints...
Analysing residue names:
There are:    75        DNA residues
There are: 95861      Water residues
There are:   612        Ion residues
Analysing residues not classified as Protein/DNA/RNA/Water and splitting into groups...

The largest distance between excluded atoms is 0.415 nm between atom 1599 and 1624

Determining Verlet buffer for a tolerance of 0.005 kJ/mol/ps at 310.15 K

Calculated rlist for 1x1 atom pair-list as 0.838 nm, buffer size 0.038 nm

Set rlist, assuming 4x4 atom pair-list, to 0.804 nm, buffer size 0.004 nm

Note that mdrun will redetermine rlist based on the actual pair-list setup
Calculating fourier grid dimensions for X Y Z
Using a fourier grid of 144x144x144, spacing 0.112 0.112 0.112

Estimate for the relative computational load of the PME mesh part: 0.43

This run will generate roughly 163 Mb of data

End: Sat Sep  5 02:22:27 CST 2026
Production complete — submit 04_analysis.sbatch next
Artifacts colocated in scripts/: prod.tpr prod.xtc prod.cpt topol.top
