Job ID: 2033887
Node:   cpn3005
Start:  Fri Sep  4 23:48:14 CST 2026
                   :-) GROMACS - gmx, 2024.4-conda_forge (-:
━━━━━━━━━━━━━━━━━━━━━━━━━━━━━━━━━━━━━━━━━━━━━━━━━━━━
  NA53 EQUILIBRATION — Fri Sep  4 23:48:14 CST 2026
━━━━━━━━━━━━━━━━━━━━━━━━━━━━━━━━━━━━━━━━━━━━━━━━━━━━
  Input: NA53_initial_ionized.gro
  GPU:   -nb auto
━━━━━━━━━━━━━━━━━━━━━━━━━━━━━━━━━━━━━━━━━━━━━━━━━━━━

▶ Step 1/6: Energy Minimization (Steepest Descent)...
  ✓ Energy minimization complete
  ℹ  Output: em.gro, em.edr

▶ Step 2/6: NVT Equilibration (100 ps, T=310.15 K)...
  ℹ  Checking temperature...

Statistics over 50001 steps [ 0.0000 through 100.0000 ps ], 1 data sets
All statistics are over 51 points (frames)

Energy                      Average   Err.Est.       RMSD  Tot-Drift
-------------------------------------------------------------------------------
Conserved En.            -4.1286e+06         85    745.198    442.343  (kJ/mol)
  ✓ NVT equilibration complete
  ℹ  Output: nvt.gro, nvt.edr

▶ Step 3/6: NPT Equilibration — Restrained (100 ps, backbone restraints)...
  ✓ Restrained NPT complete

▶ Step 4/6: NPT Equilibration — Unrestrained (500 ps)...
  ✓ Unrestrained NPT complete

▶ Step 5/6: Equilibration Validation...

Statistics over 250001 steps [ 0.0000 through 500.0000 ps ], 1 data sets
All statistics are over 501 points (frames)

Energy                      Average   Err.Est.       RMSD  Tot-Drift
-------------------------------------------------------------------------------
pV                          178.769     0.0022   0.284461 -0.00149444  (kJ/mol)

Statistics over 250001 steps [ 0.0000 through 500.0000 ps ], 1 data sets
All statistics are over 501 points (frames)

Energy                      Average   Err.Est.       RMSD  Tot-Drift
-------------------------------------------------------------------------------
Temperature                 310.178      0.027   0.631952 -0.0587124  (K)

Statistics over 250001 steps [ 0.0000 through 500.0000 ps ], 1 data sets
All statistics are over 501 points (frames)

Energy                      Average   Err.Est.       RMSD  Tot-Drift
-------------------------------------------------------------------------------
Density                     988.742      0.012    1.57325 0.00720068  (kg/m^3)
  ✓ Validation plots generated in ../analysis/

━━━━━━━━━━━━━━━━━━━━━━━━━━━━━━━━━━━━━━━━━━━━━━━━━━━━
  EQUILIBRATION COMPLETE — Summary
━━━━━━━━━━━━━━━━━━━━━━━━━━━━━━━━━━━━━━━━━━━━━━━━━━━━

  Stages completed:
    ✓ EM:    em.gro    (energy minimized)
    ✓ NVT:   nvt.gro   (temperature equilibrated)
    ✓ NPT1:  npt1.gro  (pressure equilibrated, restrained)
    ✓ NPT2:  npt2.gro  (density equilibrated, free)

  Validation files:
    ../analysis/em_potential.xvg
    ../analysis/nvt_temperature.xvg
    ../analysis/npt2_density.xvg
    ../analysis/npt2_temperature.xvg
    ../analysis/npt2_pressure.xvg

  CHECK BEFORE PRODUCTION:
    □ EM converged (Fmax < 1000 kJ/mol/nm)
    □ NVT temperature stable at 310.15 K ± 2 K
    □ NPT density stable at ~1000 kg/m³
    □ NPT pressure stable at ~1.0 bar

  Next step: Run 03_production.sh
━━━━━━━━━━━━━━━━━━━━━━━━━━━━━━━━━━━━━━━━━━━━━━━━━━━━

End: Sat Sep  5 00:53:04 CST 2026
Equilibration complete — submit 03_prod.sbatch next
