Job ID: 2036719
Node:   cpn3049
Start:  Sat Sep  5 11:50:42 CST 2026
                   :-) GROMACS - gmx, 2024.4-conda_forge (-:
━━━━━━━━━━━━━━━━━━━━━━━━━━━━━━━━━━━━━━━━━━━━━━━━━━━━
  NA53 EQUILIBRATION — Sat Sep  5 11:50:42 CST 2026
━━━━━━━━━━━━━━━━━━━━━━━━━━━━━━━━━━━━━━━━━━━━━━━━━━━━
  Input: NA53_initial_ionized.gro
  GPU:   -nb auto
━━━━━━━━━━━━━━━━━━━━━━━━━━━━━━━━━━━━━━━━━━━━━━━━━━━━

▶ Step 1/6: Energy Minimization (Steepest Descent)...
  ✓ Energy minimization complete
  ℹ  Output: em.gro, em.edr

▶ Step 2/6: NVT Equilibration (100 ps, T=310.15 K)...
  ℹ  Checking temperature...

Statistics over 50001 steps [ 0.0000 through 100.0000 ps ], 1 data sets
All statistics are over 51 points (frames)

Energy                      Average   Err.Est.       RMSD  Tot-Drift
-------------------------------------------------------------------------------
Conserved En.            -4.09406e+06        420    1233.03    3049.62  (kJ/mol)
  ✓ NVT equilibration complete
  ℹ  Output: nvt.gro, nvt.edr

▶ Step 3/6: NPT Equilibration — Restrained (100 ps, backbone restraints)...
  ✓ Restrained NPT complete

▶ Step 4/6: NPT Equilibration — Unrestrained (500 ps)...
  ✓ Unrestrained NPT complete

▶ Step 5/6: Equilibration Validation...

Statistics over 250001 steps [ 0.0000 through 500.0000 ps ], 1 data sets
All statistics are over 501 points (frames)

Energy                      Average   Err.Est.       RMSD  Tot-Drift
-------------------------------------------------------------------------------
pV                          178.775     0.0042   0.313978 0.00397031  (kJ/mol)

Statistics over 250001 steps [ 0.0000 through 500.0000 ps ], 1 data sets
All statistics are over 501 points (frames)

Energy                      Average   Err.Est.       RMSD  Tot-Drift
-------------------------------------------------------------------------------
Temperature                 310.172      0.015   0.540434 0.00666004  (K)

Statistics over 250001 steps [ 0.0000 through 500.0000 ps ], 1 data sets
All statistics are over 501 points (frames)

Energy                      Average   Err.Est.       RMSD  Tot-Drift
-------------------------------------------------------------------------------
Density                     988.709      0.023    1.73588 -0.0218856  (kg/m^3)
  ✓ Validation plots generated in ../analysis/

━━━━━━━━━━━━━━━━━━━━━━━━━━━━━━━━━━━━━━━━━━━━━━━━━━━━
  EQUILIBRATION COMPLETE — Summary
━━━━━━━━━━━━━━━━━━━━━━━━━━━━━━━━━━━━━━━━━━━━━━━━━━━━

  Stages completed:
    ✓ EM:    em.gro    (energy minimized)
    ✓ NVT:   nvt.gro   (temperature equilibrated)
    ✓ NPT1:  npt1.gro  (pressure equilibrated, restrained)
    ✓ NPT2:  npt2.gro  (density equilibrated, free)

  Validation files:
    ../analysis/em_potential.xvg
    ../analysis/nvt_temperature.xvg
    ../analysis/npt2_density.xvg
    ../analysis/npt2_temperature.xvg
    ../analysis/npt2_pressure.xvg

  CHECK BEFORE PRODUCTION:
    □ EM converged (Fmax < 1000 kJ/mol/nm)
    □ NVT temperature stable at 310.15 K ± 2 K
    □ NPT density stable at ~1000 kg/m³
    □ NPT pressure stable at ~1.0 bar

  Next step: Run 03_production.sh
━━━━━━━━━━━━━━━━━━━━━━━━━━━━━━━━━━━━━━━━━━━━━━━━━━━━

End: Sat Sep  5 13:04:44 CST 2026
Equilibration complete — submit 03_prod.sbatch next
