Job ID: 2036721
Node:   cpn3016
Start:  Sun Sep  6 08:46:54 CST 2026
                   :-) GROMACS - gmx, 2024.4-conda_forge (-:
━━━━━━━━━━━━━━━━━━━━━━━━━━━━━━━━━━━━━━━━━━━━━━━━━━━━
  NA53 ANALYSIS — Sun Sep  6 08:46:54 CST 2026
━━━━━━━━━━━━━━━━━━━━━━━━━━━━━━━━━━━━━━━━━━━━━━━━━━━━
  Trajectory: prod.xtc
  Reference:  prod.tpr
  Skip first: 0 ps
━━━━━━━━━━━━━━━━━━━━━━━━━━━━━━━━━━━━━━━━━━━━━━━━━━━━

▶ RMSD...
  ✓ RMSD complete

▶ RMSF...
  ✓ RMSF complete

▶ Radius_of_Gyration...
  ✓ Radius_of_Gyration complete

▶ Hydrogen_Bonds...
  ✓ Hydrogen_Bonds complete

▶ SASA...
  ✓ SASA complete

▶ Principal Component Analysis...
  ✓ PCA complete

▶ Clustering...
  ✓ Clustering complete

▶ Extracting energy terms...

Statistics over 7500001 steps [ 0.0000 through 15000.0000 ps ], 1 data sets
All statistics are over 1501 points (frames)

Energy                      Average   Err.Est.       RMSD  Tot-Drift
-------------------------------------------------------------------------------
Temperature                 310.141      0.023   0.591572   -0.04142  (K)

Statistics over 7500001 steps [ 0.0000 through 15000.0000 ps ], 1 data sets
All statistics are over 1501 points (frames)

Energy                      Average   Err.Est.       RMSD  Tot-Drift
-------------------------------------------------------------------------------
Pressure                    1.98905        2.1    50.7051    1.08696  (bar)

Statistics over 7500001 steps [ 0.0000 through 15000.0000 ps ], 1 data sets
All statistics are over 1501 points (frames)

Energy                      Average   Err.Est.       RMSD  Tot-Drift
-------------------------------------------------------------------------------
Pres-XY                     2.61497        1.1    36.1036    -4.1067  (bar)

Statistics over 7500001 steps [ 0.0000 through 15000.0000 ps ], 1 data sets
All statistics are over 1501 points (frames)

Energy                      Average   Err.Est.       RMSD  Tot-Drift
-------------------------------------------------------------------------------
Potential                -4.09022e+06         45    2358.06    40.2186  (kJ/mol)

Statistics over 7500001 steps [ 0.0000 through 15000.0000 ps ], 1 data sets
All statistics are over 1501 points (frames)

Energy                      Average   Err.Est.       RMSD  Tot-Drift
-------------------------------------------------------------------------------
Conserved En.            -3.2415e+06      29000    59365.8     205500  (kJ/mol)
  ✓ Energy terms extracted

▶ Base-pair analysis (Watson-Crick)...
  ✓ Base-pair analysis complete

━━━━━━━━━━━━━━━━━━━━━━━━━━━━━━━━━━━━━━━━━━━━━━━━━━━━
  ANALYSIS COMPLETE — Output Files
━━━━━━━━━━━━━━━━━━━━━━━━━━━━━━━━━━━━━━━━━━━━━━━━━━━━

  Structural metrics:
    ../analysis/rmsd.xvg          (RMSD vs time)
    ../analysis/rmsf.xvg          (RMSF per residue)
    ../analysis/gyrate.xvg        (Radius of gyration)

  Interaction metrics:
    ../analysis/hbnum.xvg         (H-bond count)
    ../analysis/base_pairs.xvg    (Base-pair count)

  Solvent metrics:
    ../analysis/sasa.xvg          (Total SASA)

  Dynamics metrics:
    ../analysis/proj.xvg          (PCA projection)
    ../analysis/clusters.xpm      (Cluster matrix)
    ../analysis/cluster.log      (Cluster sizes/occupancy)

  Energy metrics:
    ../analysis/energy_Temperature.xvg
    ../analysis/energy_Pressure.xvg
    ../analysis/energy_Density.xvg
    ../analysis/energy_Potential.xvg
    ../analysis/energy_Conserved-En.xvg

  Next step: Run 05_visualization.py for figures
━━━━━━━━━━━━━━━━━━━━━━━━━━━━━━━━━━━━━━━━━━━━━━━━━━━━
━━━━━━━━━━━━━━━━━━━━━━━━━━━━━━━━━━━━━━━━━━━━━━━━━━━━
  NA53 VISUALIZATION — Generating plots
━━━━━━━━━━━━━━━━━━━━━━━━━━━━━━━━━━━━━━━━━━━━━━━━━━━━
  Analysis dir: ../analysis
  Figures dir:  ../results/figures
  ✓ RMSD plot saved
  ✓ RMSF plot saved
  ✓ Radius of gyration plot saved
  ✓ Hydrogen bond plot saved
  ✓ SASA plot saved
  ✓ Energy terms plot saved
  ✓ PCA plot saved
  ✓ Summary dashboard saved

━━━━━━━━━━━━━━━━━━━━━━━━━━━━━━━━━━━━━━━━━━━━━━━━━━━━
  ALL PLOTS GENERATED
  Output directory: ../results/figures
━━━━━━━━━━━━━━━━━━━━━━━━━━━━━━━━━━━━━━━━━━━━━━━━━━━━

End: Sun Sep  6 09:01:31 CST 2026
Analysis complete — check ../results/figures/ and ../analysis/
