Job ID: 2036327
Node:   cpn3068
Start:  Sat Sep  5 11:17:38 CST 2026
                   :-) GROMACS - gmx, 2024.4-conda_forge (-:
━━━━━━━━━━━━━━━━━━━━━━━━━━━━━━━━━━━━━━━━━━━━━━━━━━━━
  NA53 EQUILIBRATION — Sat Sep  5 11:17:39 CST 2026
━━━━━━━━━━━━━━━━━━━━━━━━━━━━━━━━━━━━━━━━━━━━━━━━━━━━
  Input: NA53_initial_ionized.gro
  GPU:   -nb auto
━━━━━━━━━━━━━━━━━━━━━━━━━━━━━━━━━━━━━━━━━━━━━━━━━━━━

▶ Step 1/6: Energy Minimization (Steepest Descent)...
  ✓ Energy minimization complete
  ℹ  Output: em.gro, em.edr

▶ Step 2/6: NVT Equilibration (100 ps, T=310.15 K)...
  ℹ  Checking temperature...

Statistics over 50001 steps [ 0.0000 through 100.0000 ps ], 1 data sets
All statistics are over 51 points (frames)

Energy                      Average   Err.Est.       RMSD  Tot-Drift
-------------------------------------------------------------------------------
Conserved En.            -4.14682e+06         79    717.132    413.065  (kJ/mol)
  ✓ NVT equilibration complete
  ℹ  Output: nvt.gro, nvt.edr

▶ Step 3/6: NPT Equilibration — Restrained (100 ps, backbone restraints)...
